=== RUN   TestAuditFollowerDoesNotReproposeCommittedTransaction
Generating a new blockchain &{0xc0002a0640}
There is no existed blockchain in the database. 
The newest block is updated
Block is added
New genisis block
Generating a new blockchain &{0xc0001f9360}
There is no existed blockchain in the database. 
The newest block is updated
Block is added
New genisis block
The len of txs is 1
modified account number is  2
The newest block is updated
Block is added
The len of txs is 1
modified account number is  2
1 the root =  [198 98 48 7 48 244 235 48 149 36 246 172 25 15 69 223 249 222 169 85 4 157 136 162 202 158 114 253 8 203 44 248]
The newest block is updated
Block is added
The len of txs is 1
modified account number is  2
    zz_audit_probes_test.go:34: follower reproposed an already committed transaction after becoming leader
--- FAIL: TestAuditFollowerDoesNotReproposeCommittedTransaction (0.14s)
=== RUN   TestAuditValidationRejectsWrongStateRoot
Generating a new blockchain &{0xc00010a500}
There is no existed blockchain in the database. 
The newest block is updated
Block is added
New genisis block
The len of txs is 0
    zz_audit_probes_test.go:45: IsValidBlock accepted arbitrary state root with correct parent and tx root
--- FAIL: TestAuditValidationRejectsWrongStateRoot (0.02s)
FAIL
FAIL	blockEmulator/chain	0.830s
=== RUN   TestAuditRepeatedSenderCountsOnlyOnce
    zz_audit_probes_test.go:25: same sender counted 3 times; want one distinct voter
--- FAIL: TestAuditRepeatedSenderCountsOnlyOnce (0.00s)
=== RUN   TestAuditProposeWaitsForHandlerDrain
    zz_audit_probes_test.go:46: Propose returned to main while admitted handler is still blocked
--- FAIL: TestAuditProposeWaitsForHandlerDrain (5.10s)
=== RUN   TestAuditDeleteElementsKeepsNonmatchingTransactions
    zz_audit_probes_test.go:55: deleting no transactions returned 0; want 1
--- FAIL: TestAuditDeleteElementsKeepsNonmatchingTransactions (0.00s)
FAIL
FAIL	blockEmulator/consensus_shard/pbft_all	5.619s
FAIL
